// Jest Snapshot v1, https://goo.gl/fbAQLP

exports[`renders correctly 1`] = `
<DocumentFragment>
  <div
    class="sc-bdfBwQ sc-gsTCUz sc-dlfnbm iwJkGQ ckYhbt gjsBuP"
  >
    <button
      class="sc-hKgILt flOdUK"
      color="card"
    >
      <div
        class="sc-eCssSg iJPpdt"
        color="card"
        font-weight="600"
      >
        Item 1
      </div>
    </button>
    <button
      class="sc-hKgILt giymoc"
      color="textSubtle"
    >
      <div
        class="sc-eCssSg gbqlTw"
        color="textSubtle"
        font-weight="600"
      >
        Item 2
      </div>
    </button>
  </div>
</DocumentFragment>
`;
